2025-10-20 13:49:57,367;matplotlib;DEBUG;matplotlib data path: /Users/siminsu/anaconda3/envs/plugin/lib/python3.11/site-packages/matplotlib/mpl-data
2025-10-20 13:49:57,370;matplotlib;DEBUG;CONFIGDIR=/Users/siminsu/.matplotlib
2025-10-20 13:49:57,384;matplotlib;DEBUG;interactive is False
2025-10-20 13:49:57,384;matplotlib;DEBUG;platform is darwin
2025-10-20 13:49:57,398;matplotlib;DEBUG;CACHEDIR=/Users/siminsu/.matplotlib
2025-10-20 13:49:57,400;matplotlib.font_manager;DEBUG;Using fontManager instance from /Users/siminsu/.matplotlib/fontlist-v390.json
2025-10-20 13:49:57,527;MI_defects;ERROR;Exception caught when importing libraries: No module named 'timeacc'
2025-10-20 13:50:00,702;__main__;INFO;Starting integrity and accessibility checks...
2025-10-20 13:50:00,810;__main__;INFO;Validating GitHub token and repository URL...
2025-10-20 13:50:00,818;urllib3.connectionpool;DEBUG;Starting new HTTPS connection (1): api.github.com:443
2025-10-20 13:50:01,332;urllib3.connectionpool;DEBUG;https://api.github.com:443 "GET /repos/pytorch/pytorch/issues HTTP/1.1" 200 None
2025-10-20 13:50:01,353;__main__;INFO;Performing pause (rate limit) check...
2025-10-20 13:50:01,355;urllib3.connectionpool;DEBUG;Starting new HTTPS connection (1): api.github.com:443
2025-10-20 13:50:01,421;urllib3.connectionpool;DEBUG;https://api.github.com:443 "GET /rate_limit HTTP/1.1" 200 560
2025-10-20 13:50:01,422;__main__;INFO;All checks passed successfully.
2025-10-20 13:50:18,831;__main__;ERROR;Exception caught when importing libraries: No module named 'timeacc'
2025-10-20 13:50:42,901;__main__;INFO;Starting integrity and accessibility checks...
2025-10-20 13:50:43,010;__main__;INFO;Validating GitHub token and repository URL...
2025-10-20 13:50:43,011;urllib3.connectionpool;DEBUG;Starting new HTTPS connection (1): api.github.com:443
2025-10-20 13:50:43,544;urllib3.connectionpool;DEBUG;https://api.github.com:443 "GET /repos/pytorch/pytorch/issues HTTP/1.1" 200 None
2025-10-20 13:50:43,569;__main__;INFO;Performing pause (rate limit) check...
2025-10-20 13:50:43,571;urllib3.connectionpool;DEBUG;Starting new HTTPS connection (1): api.github.com:443
2025-10-20 13:50:43,638;urllib3.connectionpool;DEBUG;https://api.github.com:443 "GET /rate_limit HTTP/1.1" 200 563
2025-10-20 13:50:43,639;__main__;INFO;All checks passed successfully.
2025-10-20 13:51:03,283;__main__;INFO;Starting integrity and accessibility checks...
2025-10-20 13:51:03,388;__main__;INFO;Validating GitHub token and repository URL...
2025-10-20 13:51:03,389;urllib3.connectionpool;DEBUG;Starting new HTTPS connection (1): api.github.com:443
2025-10-20 13:51:03,464;urllib3.connectionpool;DEBUG;https://api.github.com:443 "GET /repos/pytorch/pytorch/issues HTTP/1.1" 200 27692
2025-10-20 13:51:03,484;__main__;INFO;Performing pause (rate limit) check...
2025-10-20 13:51:03,485;urllib3.connectionpool;DEBUG;Starting new HTTPS connection (1): api.github.com:443
2025-10-20 13:51:03,547;urllib3.connectionpool;DEBUG;https://api.github.com:443 "GET /rate_limit HTTP/1.1" 200 563
2025-10-20 13:51:03,547;__main__;INFO;All checks passed successfully.
2025-10-20 13:51:03,549;__main__;INFO;
+----------------------------+-------------------------+----------+
| Check                      | Result                  | Status   |
+============================+=========================+==========+
| INTEGRITY OF OUTPUT FILE   |                         |          |
+----------------------------+-------------------------+----------+
| - File writable            | PASS                    | OK       |
+----------------------------+-------------------------+----------+
| - File modified externally | PASS                    | OK       |
+----------------------------+-------------------------+----------+
| ACCESSIBILITY OF DATA      |                         |          |
+----------------------------+-------------------------+----------+
| - API URL format           | PASS                    | OK       |
+----------------------------+-------------------------+----------+
| - Token validity           | PASS                    | OK       |
+----------------------------+-------------------------+----------+
| - API accessibility        | PASS                    | OK       |
+----------------------------+-------------------------+----------+
| - Rate limit availability  | PASS (49 requests left) | OK       |
+----------------------------+-------------------------+----------+
2025-10-20 13:51:03,549;__main__;INFO;Starting incremental GitHub issue synchronization...
2025-10-20 13:51:03,554;__main__;INFO;Loaded 2631 existing issues from pytorch_issues_last6months.csv
2025-10-20 13:51:03,554;__main__;INFO;Detected existing data. Fetching only issues newer than 2025-10-18T12:54:28Z.
2025-10-20 13:51:03,584;__main__;INFO;Fetching issues created since 2025-10-18T12:54:28Z...
2025-10-20 13:51:03,585;urllib3.connectionpool;DEBUG;Starting new HTTPS connection (1): api.github.com:443
2025-10-20 13:51:04,402;urllib3.connectionpool;DEBUG;https://api.github.com:443 "GET /repos/pytorch/pytorch/issues?state=all&since=2025-10-18T12%3A54%3A28Z&per_page=100&page=1 HTTP/1.1" 200 None
2025-10-20 13:51:04,482;__main__;INFO;Fetched page 1: 20 new issues found.
2025-10-20 13:51:04,485;urllib3.connectionpool;DEBUG;Starting new HTTPS connection (1): api.github.com:443
2025-10-20 13:51:05,327;urllib3.connectionpool;DEBUG;https://api.github.com:443 "GET /repos/pytorch/pytorch/issues?state=all&since=2025-10-18T12%3A54%3A28Z&per_page=100&page=2 HTTP/1.1" 200 None
2025-10-20 13:51:05,394;__main__;INFO;Fetched page 2: no new issues found.
2025-10-20 13:51:05,396;urllib3.connectionpool;DEBUG;Starting new HTTPS connection (1): api.github.com:443
2025-10-20 13:51:06,285;urllib3.connectionpool;DEBUG;https://api.github.com:443 "GET /repos/pytorch/pytorch/issues?state=all&since=2025-10-18T12%3A54%3A28Z&per_page=100&page=3 HTTP/1.1" 200 None
2025-10-20 13:51:06,355;__main__;INFO;Fetched page 3: no new issues found.
2025-10-20 13:51:06,357;urllib3.connectionpool;DEBUG;Starting new HTTPS connection (1): api.github.com:443
2025-10-20 13:51:07,290;urllib3.connectionpool;DEBUG;https://api.github.com:443 "GET /repos/pytorch/pytorch/issues?state=all&since=2025-10-18T12%3A54%3A28Z&per_page=100&page=4 HTTP/1.1" 200 None
2025-10-20 13:51:07,373;__main__;INFO;Fetched page 4: 13 new issues found.
2025-10-20 13:51:07,373;__main__;INFO;Total new issues fetched: 33
2025-10-20 13:51:07,376;__main__;INFO;Appended 33 new issues to pytorch_issues_last6months.csv
2025-10-20 13:51:07,377;__main__;INFO;Data synchronization completed successfully.
2025-10-20 13:51:07,377;__main__;INFO;
+------------------------------+---------------+----------+
| Check                        | Result        | Status   |
+==============================+===============+==========+
| DATA QUALITY CHECKS          |               |          |
+------------------------------+---------------+----------+
| - Duplicate issue IDs        | PASS          | OK       |
+------------------------------+---------------+----------+
| - New issues fetched         | PASS (33 new) | OK       |
+------------------------------+---------------+----------+
| - Missing record consistency | PASS          | OK       |
+------------------------------+---------------+----------+
2025-10-20 13:59:11,336;__main__;INFO;Starting integrity and accessibility checks...
2025-10-20 13:59:11,443;__main__;INFO;Validating GitHub token and repository URL...
2025-10-20 13:59:11,444;urllib3.connectionpool;DEBUG;Starting new HTTPS connection (1): api.github.com:443
2025-10-20 13:59:12,021;urllib3.connectionpool;DEBUG;https://api.github.com:443 "GET /repos/pytorch/pytorch/issues HTTP/1.1" 200 None
2025-10-20 13:59:12,042;__main__;INFO;Performing pause (rate limit) check...
2025-10-20 13:59:12,043;urllib3.connectionpool;DEBUG;Starting new HTTPS connection (1): api.github.com:443
2025-10-20 13:59:12,117;urllib3.connectionpool;DEBUG;https://api.github.com:443 "GET /rate_limit HTTP/1.1" 200 560
2025-10-20 13:59:12,118;__main__;INFO;All checks passed successfully.
2025-10-20 13:59:12,120;__main__;INFO;
+----------------------------+-------------------------+----------+
| Check                      | Result                  | Status   |
+============================+=========================+==========+
| INTEGRITY OF OUTPUT FILE   |                         |          |
+----------------------------+-------------------------+----------+
| - File writable            | PASS                    | OK       |
+----------------------------+-------------------------+----------+
| - File modified externally | PASS                    | OK       |
+----------------------------+-------------------------+----------+
| ACCESSIBILITY OF DATA      |                         |          |
+----------------------------+-------------------------+----------+
| - API URL format           | PASS                    | OK       |
+----------------------------+-------------------------+----------+
| - Token validity           | PASS                    | OK       |
+----------------------------+-------------------------+----------+
| - API accessibility        | PASS                    | OK       |
+----------------------------+-------------------------+----------+
| - Rate limit availability  | PASS (59 requests left) | OK       |
+----------------------------+-------------------------+----------+
2025-10-20 13:59:12,120;__main__;INFO;Starting incremental GitHub issue synchronization...
2025-10-20 13:59:12,132;__main__;INFO;Loaded 2664 existing issues from pytorch_issues_last6months.csv
2025-10-20 13:59:12,134;__main__;INFO;Detected existing data. Fetching only issues newer than 2025-10-20T11:27:08Z.
2025-10-20 13:59:12,176;__main__;INFO;Fetching issues created since 2025-10-20T11:27:08Z...
2025-10-20 13:59:12,177;urllib3.connectionpool;DEBUG;Starting new HTTPS connection (1): api.github.com:443
2025-10-20 13:59:12,561;urllib3.connectionpool;DEBUG;https://api.github.com:443 "GET /repos/pytorch/pytorch/issues?state=all&since=2025-10-20T11%3A27%3A08Z&per_page=100&page=1 HTTP/1.1" 200 None
2025-10-20 13:59:12,564;__main__;INFO;Fetched page 1: no new issues found.
2025-10-20 13:59:12,565;__main__;INFO;Total new issues fetched: 0
2025-10-20 13:59:12,565;__main__;INFO;No new issues to append.
2025-10-20 13:59:12,566;__main__;INFO;Data synchronization completed successfully.
2025-10-20 13:59:12,567;__main__;INFO;
+------------------------------+----------------------+----------+
| Check                        | Result               | Status   |
+==============================+======================+==========+
| DATA QUALITY CHECKS          |                      |          |
+------------------------------+----------------------+----------+
| - Duplicate issue IDs        | PASS                 | OK       |
+------------------------------+----------------------+----------+
| - New issues fetched         | PASS (no new issues) | OK       |
+------------------------------+----------------------+----------+
| - Missing record consistency | PASS                 | OK       |
+------------------------------+----------------------+----------+
